#
# There is insufficient memory for the Java Runtime Environment to continue.
# Native memory allocation (mmap) failed to map 65011712 bytes. Error detail: G1 virtual space
# Possible reasons:
#   The system is out of physical RAM or swap space
#   This process is running with CompressedOops enabled, and the Java Heap may be blocking the growth of the native heap
# Possible solutions:
#   Reduce memory load on the system
#   Increase physical memory or swap space
#   Check if swap backing store is full
#   Decrease Java heap size (-Xmx/-Xms)
#   Decrease number of Java threads
#   Decrease Java thread stack sizes (-Xss)
#   Set larger code cache with -XX:ReservedCodeCacheSize=
#   JVM is running with Unscaled Compressed Oops mode in which the Java heap is
#     placed in the first 4GB address space. The Java Heap base address is the
#     maximum limit for the native heap growth. Please use -XX:HeapBaseMinAddress
#     to set the Java Heap base and to place the Java Heap above 4GB virtual address.
# This output file may be truncated or incomplete.
#
#  Out of Memory Error (os_windows.cpp:3631), pid=5476, tid=21316
#
# JRE version:  (22.0.1+8) (build )
# Java VM: Java HotSpot(TM) 64-Bit Server VM (22.0.1+8-16, mixed mode, sharing, tiered, compressed oops, compressed class ptrs, g1 gc, windows-amd64)
# No core dump will be written. Minidumps are not enabled by default on client versions of Windows
#

---------------  S U M M A R Y ------------

Command Line: -Dnet.bytebuddy.agent.attacher.dump= net.bytebuddy.agent.Attacher com.sun.tools.attach.VirtualMachine 3848 C:\Users\Sharath\.m2\repository\net\bytebuddy\byte-buddy-agent\1.17.7\byte-buddy-agent-1.17.7.jar false 

Host: Intel(R) Pentium(R) CPU 6405U @ 2.40GHz, 4 cores, 3G,  Windows 11 , 64 bit Build 26100 (10.0.26100.5074)
Time: Thu Sep 25 16:15:17 2025 India Standard Time elapsed time: 0.780125 seconds (0d 0h 0m 0s)

---------------  T H R E A D  ---------------

Current thread (0x00000179fe829500):  JavaThread "Unknown thread" [_thread_in_vm, id=21316, stack(0x000000786cc00000,0x000000786cd00000) (1024K)]

Stack: [0x000000786cc00000,0x000000786cd00000]
Native frames: (J=compiled Java code, j=interpreted, Vv=VM code, C=native code)
V  [jvm.dll+0x6e2279]  (no source info available)
V  [jvm.dll+0x874e33]  (no source info available)
V  [jvm.dll+0x87725e]  (no source info available)
V  [jvm.dll+0x877933]  (no source info available)
V  [jvm.dll+0x27fd76]  (no source info available)
V  [jvm.dll+0x6de915]  (no source info available)
V  [jvm.dll+0x6d341a]  (no source info available)
V  [jvm.dll+0x3589da]  (no source info available)
V  [jvm.dll+0x360f06]  (no source info available)
V  [jvm.dll+0x3b3e2e]  (no source info available)
V  [jvm.dll+0x3b40d8]  (no source info available)
V  [jvm.dll+0x32c59c]  (no source info available)
V  [jvm.dll+0x32d158]  (no source info available)
V  [jvm.dll+0x83ccdc]  (no source info available)
V  [jvm.dll+0x3c0d71]  (no source info available)
V  [jvm.dll+0x825ccc]  (no source info available)
V  [jvm.dll+0x45b8fe]  (no source info available)
V  [jvm.dll+0x45d781]  (no source info available)
C  [jli.dll+0x52a3]  (no source info available)
C  [ucrtbase.dll+0x37b0]  (no source info available)
C  [KERNEL32.DLL+0x2e8d7]  (no source info available)
C  [ntdll.dll+0x8d9c]  (no source info available)


---------------  P R O C E S S  ---------------

Threads class SMR info:
_java_thread_list=0x00007ffc6615b1c8, length=0, elements={
}

Java Threads: ( => current thread )
Total: 0

Other Threads:
  0x00000179fe85e550 WorkerThread "GC Thread#0"                     [id=8804, stack(0x000000786cd00000,0x000000786ce00000) (1024K)]
  0x00000179fe867750 ConcurrentGCThread "G1 Main Marker"            [id=15392, stack(0x000000786ce00000,0x000000786cf00000) (1024K)]
  0x00000179fe868260 WorkerThread "G1 Conc#0"                       [id=20184, stack(0x000000786cf00000,0x000000786d000000) (1024K)]

[error occurred during error reporting (printing all threads), id 0xc0000005, EXCEPTION_ACCESS_VIOLATION (0xc0000005) at pc=0x00007ffc658af367]
VM state: not at safepoint (not fully initialized)

VM Mutex/Monitor currently owned by a thread:  ([mutex/lock_event])
[0x00007ffc661dbcb8] Heap_lock - owner thread: 0x00000179fe829500

Heap address: 0x00000000c3000000, size: 976 MB, Compressed Oops mode: 32-bit

CDS archive(s) mapped at: [0x0000000000000000-0x0000000000000000-0x0000000000000000), size 0, SharedBaseAddress: 0x0000000800000000, ArchiveRelocationMode: 1.
Narrow klass base: 0x0000000000000000, Narrow klass shift: 0, Narrow klass range: 0x0

GC Precious Log:
 CardTable entry size: 512
 Card Set container configuration: InlinePtr #cards 5 size 8 Array Of Cards #cards 12 size 40 Howl #buckets 4 coarsen threshold 1843 Howl Bitmap #cards 512 size 80 coarsen threshold 460 Card regions per heap region 1 cards per card region 2048

Heap:
 garbage-first heap   total reserved 999424K, committed 0K, used 0K [0x00000000c3000000, 0x0000000100000000)
  region size 1024K, 0 young (0K), 0 survivors (0K)

[error occurred during error reporting (printing heap information), id 0xc0000005, EXCEPTION_ACCESS_VIOLATION (0xc0000005) at pc=0x00007ffc65cae429]
GC Heap History (0 events):
No events

Dll operation events (1 events):
Event: 0.032 Loaded shared library C:\Program Files\Java\jdk-22\bin\java.dll

Deoptimization events (0 events):
No events

Classes loaded (0 events):
No events

Classes unloaded (0 events):
No events

Classes redefined (0 events):
No events

Internal exceptions (0 events):
No events

ZGC Phase Switch (0 events):
No events

VM Operations (0 events):
No events

Events (0 events):
No events


Dynamic libraries:
0x00007ff6531e0000 - 0x00007ff6531f0000 	C:\Program Files\Java\jdk-22\bin\java.exe
0x00007ffcf7e20000 - 0x00007ffcf8089000 	C:\WINDOWS\SYSTEM32\ntdll.dll
0x00007ffcf6550000 - 0x00007ffcf6619000 	C:\WINDOWS\System32\KERNEL32.DLL
0x00007ffcf5370000 - 0x00007ffcf5763000 	C:\WINDOWS\System32\KERNELBASE.dll
0x00007ffcf5970000 - 0x00007ffcf5abb000 	C:\WINDOWS\System32\ucrtbase.dll
0x00007ffcefd40000 - 0x00007ffcefd57000 	C:\Program Files\Java\jdk-22\bin\jli.dll
0x00007ffcf6180000 - 0x00007ffcf6234000 	C:\WINDOWS\System32\ADVAPI32.dll
0x00007ffcf6bc0000 - 0x00007ffcf6c69000 	C:\WINDOWS\System32\msvcrt.dll
0x00007ffcf7070000 - 0x00007ffcf7116000 	C:\WINDOWS\System32\sechost.dll
0x00007ffcf6aa0000 - 0x00007ffcf6bb8000 	C:\WINDOWS\System32\RPCRT4.dll
0x00007ffcefc30000 - 0x00007ffcefc4b000 	C:\Program Files\Java\jdk-22\bin\VCRUNTIME140.dll
0x00007ffcf7120000 - 0x00007ffcf72e4000 	C:\WINDOWS\System32\USER32.dll
0x00007ffcf5340000 - 0x00007ffcf5367000 	C:\WINDOWS\System32\win32u.dll
0x00007ffcf6d50000 - 0x00007ffcf6d7b000 	C:\WINDOWS\System32\GDI32.dll
0x00007ffcf5ac0000 - 0x00007ffcf5bed000 	C:\WINDOWS\System32\gdi32full.dll
0x00007ffcf4fb0000 - 0x00007ffcf5053000 	C:\WINDOWS\System32\msvcp_win.dll
0x00007ffcda340000 - 0x00007ffcda5d3000 	C:\WINDOWS\WinSxS\amd64_microsoft.windows.common-controls_6595b64144ccf1df_6.0.26100.5074_none_3e0d6f78e32fd63f\COMCTL32.dll
0x00007ffcdf3a0000 - 0x00007ffcdf3ab000 	C:\WINDOWS\SYSTEM32\VERSION.dll
0x00007ffcf6140000 - 0x00007ffcf616f000 	C:\WINDOWS\System32\IMM32.DLL
0x00007ffcf1d10000 - 0x00007ffcf1d1c000 	C:\Program Files\Java\jdk-22\bin\vcruntime140_1.dll
0x00007ffce3e20000 - 0x00007ffce3eae000 	C:\Program Files\Java\jdk-22\bin\msvcp140.dll
0x00007ffc65570000 - 0x00007ffc662b7000 	C:\Program Files\Java\jdk-22\bin\server\jvm.dll
0x00007ffcf6f20000 - 0x00007ffcf6f94000 	C:\WINDOWS\System32\WS2_32.dll
0x00007ffcf4e10000 - 0x00007ffcf4e6e000 	C:\WINDOWS\SYSTEM32\POWRPROF.dll
0x00007ffcd8830000 - 0x00007ffcd8865000 	C:\WINDOWS\SYSTEM32\WINMM.dll
0x00007ffcf4df0000 - 0x00007ffcf4e04000 	C:\WINDOWS\SYSTEM32\UMPDC.dll
0x00007ffcf3d50000 - 0x00007ffcf3d6b000 	C:\WINDOWS\SYSTEM32\kernel.appcore.dll
0x00007ffcf1c20000 - 0x00007ffcf1c2a000 	C:\Program Files\Java\jdk-22\bin\jimage.dll
0x00007ffcdf3b0000 - 0x00007ffcdf5f2000 	C:\WINDOWS\SYSTEM32\DBGHELP.DLL
0x00007ffcf6620000 - 0x00007ffcf699b000 	C:\WINDOWS\System32\combase.dll
0x00007ffcf6c70000 - 0x00007ffcf6d47000 	C:\WINDOWS\System32\OLEAUT32.dll
0x00007ffcd5740000 - 0x00007ffcd577d000 	C:\WINDOWS\SYSTEM32\dbgcore.DLL
0x00007ffcf5060000 - 0x00007ffcf50f9000 	C:\WINDOWS\System32\bcryptPrimitives.dll
0x00007ffcefc00000 - 0x00007ffcefc1e000 	C:\Program Files\Java\jdk-22\bin\java.dll
0x00007ffcf72f0000 - 0x00007ffcf7a3d000 	C:\WINDOWS\System32\SHELL32.dll
0x00007ffcf5770000 - 0x00007ffcf58dc000 	C:\WINDOWS\System32\wintypes.dll
0x00007ffcf7c40000 - 0x00007ffcf7dd8000 	C:\WINDOWS\System32\ole32.dll

dbghelp: loaded successfully - version: 4.0.5 - missing functions: none
symbol engine: initialized successfully - sym options: 0x614 - pdb path: .;C:\Program Files\Java\jdk-22\bin;C:\WINDOWS\SYSTEM32;C:\WINDOWS\WinSxS\amd64_microsoft.windows.common-controls_6595b64144ccf1df_6.0.26100.5074_none_3e0d6f78e32fd63f;C:\Program Files\Java\jdk-22\bin\server

VM Arguments:
jvm_args: -Dnet.bytebuddy.agent.attacher.dump= 
java_command: net.bytebuddy.agent.Attacher com.sun.tools.attach.VirtualMachine 3848 C:\Users\Sharath\.m2\repository\net\bytebuddy\byte-buddy-agent\1.17.7\byte-buddy-agent-1.17.7.jar false 
java_class_path (initial): C:\Users\Sharath\.m2\repository\net\bytebuddy\byte-buddy-agent\1.17.7\byte-buddy-agent-1.17.7.jar
Launcher Type: SUN_STANDARD

[Global flags]
     intx CICompilerCount                          = 3                                         {product} {ergonomic}
     uint ConcGCThreads                            = 1                                         {product} {ergonomic}
     uint G1ConcRefinementThreads                  = 4                                         {product} {ergonomic}
   size_t G1HeapRegionSize                         = 1048576                                   {product} {ergonomic}
   size_t InitialHeapSize                          = 65011712                                  {product} {ergonomic}
   size_t MarkStackSize                            = 4194304                                   {product} {ergonomic}
   size_t MaxHeapSize                              = 1023410176                                {product} {ergonomic}
   size_t MinHeapDeltaBytes                        = 1048576                                   {product} {ergonomic}
   size_t MinHeapSize                              = 8388608                                   {product} {ergonomic}
    uintx NonNMethodCodeHeapSize                   = 5832780                                {pd product} {ergonomic}
    uintx NonProfiledCodeHeapSize                  = 122912730                              {pd product} {ergonomic}
    uintx ProfiledCodeHeapSize                     = 122912730                              {pd product} {ergonomic}
    uintx ReservedCodeCacheSize                    = 251658240                              {pd product} {ergonomic}
     bool SegmentedCodeCache                       = true                                      {product} {ergonomic}
   size_t SoftMaxHeapSize                          = 1023410176                             {manageable} {ergonomic}
     bool UseCompressedOops                        = true                           {product lp64_product} {ergonomic}
     bool UseG1GC                                  = true                                      {product} {ergonomic}
     bool UseLargePagesIndividualAllocation        = false                                  {pd product} {ergonomic}

Logging:
Log output configuration:
 #0: stdout all=warning uptime,level,tags foldmultilines=false
 #1: stderr all=off uptime,level,tags foldmultilines=false

Environment Variables:
JAVA_HOME=C:\Users\Sharath\AppData\Local\jdk-17
PATH=C:\Python312\Scripts\;C:\Python312\;C:\Program Files\Common Files\Oracle\Java\javapath;C:\db_home\bin;E:\WINDOWS.X64_193000_db_home\bin;C:\WINDOWS\system32;C:\WINDOWS;C:\WINDOWS\System32\Wbem;C:\WINDOWS\System32\WindowsPowerShell\v1.0\;C:\WINDOWS\System32\OpenSSH\;C:\Program Files\Java\jdk-17\bin;C:\Program Files\nodejs\;C:\ProgramData\chocolatey\bin;"C:\Gradle\gradle-8.3\bin;C:\Gradle\gradle-8.3\bin";C:\Program Files\Java\jdk-11\bin;C:\Program Files\Amazon\AWSCLIV2\;C:\Program Files\Docker\Docker\resources\bin;C:\Program Files (x86)\Bitvise SSH Client;C:\Program Files\Git\cmd;C:\Users\Sharath\AppData\Local\jdk-11.0.2\bin;C:\Users\Sharath\AppData\Local\Microsoft\WindowsApps;C:\Users\Sharath\AppData\Local\Programs\Microsoft VS Code\bin;C:\Users\Sharath\AppData\Roaming\npm;C:\Users\Sharath\AppData\Local\Android\Sdk;C:\Users\Sharath\AppData\Local\jdk-17;C:\Users\Sharath\AppData\Local\Android\Sdk\tools;C:\Users\Sharath\AppData\Local\Android\Sdk\tools\bin;C:\Users\Sharath\AppData\Local\Android\Sdk\platform-tools;C:\Program Files\Android\Android Studio\jbr;C:\Gradle\gradle-8.3\bin;C:\Users\Sharath\AppData\Local\Android\Sdk\tools;C:\Users\Sharath\AppData\Local\Android\Sdk\tools\bin;C:\Program Files\JetBrains\IntelliJ IDEA Community Edition 2024.1.3\bin;;C:\Program Files\JetBrains\PyCharm 2025.2\bin
USERNAME=Sharath
OS=Windows_NT
PROCESSOR_IDENTIFIER=Intel64 Family 6 Model 142 Stepping 12, GenuineIntel
TMP=C:\Users\Sharath\AppData\Local\Temp
TEMP=C:\Users\Sharath\AppData\Local\Temp




Periodic native trim disabled

---------------  S Y S T E M  ---------------

OS:
 Windows 11 , 64 bit Build 26100 (10.0.26100.5074)
OS uptime: 5 days 1:05 hours
Hyper-V role detected

CPU: total 4 (initial active 4) (2 cores per cpu, 2 threads per core) family 6 model 142 stepping 12 microcode 0xea, cx8, cmov, fxsr, ht, mmx, 3dnowpref, sse, sse2, sse3, ssse3, sse4.1, sse4.2, popcnt, lzcnt, tsc, tscinvbit, aes, erms, clmul, clflush, clflushopt, hv, rdtscp
Processor Information for processor 0
  Max Mhz: 2400, Current Mhz: 2400, Mhz Limit: 2400
Processor Information for processor 1
  Max Mhz: 2400, Current Mhz: 1500, Mhz Limit: 2400
Processor Information for processor 2
  Max Mhz: 2400, Current Mhz: 2400, Mhz Limit: 2400
Processor Information for processor 3
  Max Mhz: 2400, Current Mhz: 1500, Mhz Limit: 2400

Memory: 4k page, system-wide physical 3900M (311M free)
TotalPageFile size 15676M (AvailPageFile size 58M)
current process WorkingSet (physical memory assigned to process): 12M, peak: 12M
current process commit charge ("private bytes"): 52M, peak: 113M

vm_info: Java HotSpot(TM) 64-Bit Server VM (22.0.1+8-16) for windows-amd64 JRE (22.0.1+8-16), built on 2024-03-12T10:33:16Z by "mach5one" with MS VC++ 17.6 (VS2022)

END.
